Performing C++ SOURCE FILE Test HAVE_CXX_FLAG_WSHORTEN_64_TO_32 failed with the following output:
Change Dir: /mnt/c/Users/joshp_ya/VSCodeProjects/Personal/fast_stats/build/CMakeFiles/CMakeTmp

Run Build Command(s):/usr/bin/make cmTC_2b6f9/fast && /usr/bin/make -f CMakeFiles/cmTC_2b6f9.dir/build.make CMakeFiles/cmTC_2b6f9.dir/build
make[1]: Entering directory '/mnt/c/Users/joshp_ya/VSCodeProjects/Personal/fast_stats/build/CMakeFiles/CMakeTmp'
Building CXX object CMakeFiles/cmTC_2b6f9.dir/src.cxx.o
/usr/bin/c++    -Wall  -Wextra  -Wshadow  -Wfloat-equal  -Wold-style-cast  -Werror  -Wsuggest-override  -pedantic  -pedantic-errors -DHAVE_CXX_FLAG_WSHORTEN_64_TO_32  -Wshorten-64-to-32   -Wshorten-64-to-32 -std=c++11 -o CMakeFiles/cmTC_2b6f9.dir/src.cxx.o -c /mnt/c/Users/joshp_ya/VSCodeProjects/Personal/fast_stats/build/CMakeFiles/CMakeTmp/src.cxx
c++: error: unrecognized command line option '-Wshorten-64-to-32'
c++: error: unrecognized command line option '-Wshorten-64-to-32'
make[1]: *** [CMakeFiles/cmTC_2b6f9.dir/build.make:66: CMakeFiles/cmTC_2b6f9.dir/src.cxx.o] Error 1
make[1]: Leaving directory '/mnt/c/Users/joshp_ya/VSCodeProjects/Personal/fast_stats/build/CMakeFiles/CMakeTmp'
make: *** [Makefile:121: cmTC_2b6f9/fast] Error 2


Source file was:
int main() { return 0; }
Performing C++ SOURCE FILE Test HAVE_CXX_FLAG_WD654 failed with the following output:
Change Dir: /mnt/c/Users/joshp_ya/VSCodeProjects/Personal/fast_stats/build/CMakeFiles/CMakeTmp

Run Build Command(s):/usr/bin/make cmTC_fb22e/fast && /usr/bin/make -f CMakeFiles/cmTC_fb22e.dir/build.make CMakeFiles/cmTC_fb22e.dir/build
make[1]: Entering directory '/mnt/c/Users/joshp_ya/VSCodeProjects/Personal/fast_stats/build/CMakeFiles/CMakeTmp'
Building CXX object CMakeFiles/cmTC_fb22e.dir/src.cxx.o
/usr/bin/c++    -Wall  -Wextra  -Wshadow  -Wfloat-equal  -Wold-style-cast  -Werror  -Wsuggest-override  -pedantic  -pedantic-errors  -fstrict-aliasing  -Wno-deprecated-declarations  -Wno-deprecated  -Wstrict-aliasing -DHAVE_CXX_FLAG_WD654  -wd654   -wd654 -std=c++11 -o CMakeFiles/cmTC_fb22e.dir/src.cxx.o -c /mnt/c/Users/joshp_ya/VSCodeProjects/Personal/fast_stats/build/CMakeFiles/CMakeTmp/src.cxx
c++: error: unrecognized command line option '-wd654'
c++: error: unrecognized command line option '-wd654'
make[1]: *** [CMakeFiles/cmTC_fb22e.dir/build.make:66: CMakeFiles/cmTC_fb22e.dir/src.cxx.o] Error 1
make[1]: Leaving directory '/mnt/c/Users/joshp_ya/VSCodeProjects/Personal/fast_stats/build/CMakeFiles/CMakeTmp'
make: *** [Makefile:121: cmTC_fb22e/fast] Error 2


Source file was:
int main() { return 0; }
Performing C++ SOURCE FILE Test HAVE_CXX_FLAG_WTHREAD_SAFETY failed with the following output:
Change Dir: /mnt/c/Users/joshp_ya/VSCodeProjects/Personal/fast_stats/build/CMakeFiles/CMakeTmp

Run Build Command(s):/usr/bin/make cmTC_35f86/fast && /usr/bin/make -f CMakeFiles/cmTC_35f86.dir/build.make CMakeFiles/cmTC_35f86.dir/build
make[1]: Entering directory '/mnt/c/Users/joshp_ya/VSCodeProjects/Personal/fast_stats/build/CMakeFiles/CMakeTmp'
Building CXX object CMakeFiles/cmTC_35f86.dir/src.cxx.o
/usr/bin/c++    -Wall  -Wextra  -Wshadow  -Wfloat-equal  -Wold-style-cast  -Werror  -Wsuggest-override  -pedantic  -pedantic-errors  -fstrict-aliasing  -Wno-deprecated-declarations  -Wno-deprecated  -Wstrict-aliasing -DHAVE_CXX_FLAG_WTHREAD_SAFETY  -Wthread-safety   -Wthread-safety -std=c++11 -o CMakeFiles/cmTC_35f86.dir/src.cxx.o -c /mnt/c/Users/joshp_ya/VSCodeProjects/Personal/fast_stats/build/CMakeFiles/CMakeTmp/src.cxx
c++: error: unrecognized command line option '-Wthread-safety'
c++: error: unrecognized command line option '-Wthread-safety'
make[1]: *** [CMakeFiles/cmTC_35f86.dir/build.make:66: CMakeFiles/cmTC_35f86.dir/src.cxx.o] Error 1
make[1]: Leaving directory '/mnt/c/Users/joshp_ya/VSCodeProjects/Personal/fast_stats/build/CMakeFiles/CMakeTmp'
make: *** [Makefile:121: cmTC_35f86/fast] Error 2


Source file was:
int main() { return 0; }
Performing C++ SOURCE FILE Test CMAKE_HAVE_LIBC_PTHREAD failed with the following output:
Change Dir: /mnt/c/Users/joshp_ya/VSCodeProjects/Personal/fast_stats/build/CMakeFiles/CMakeTmp

Run Build Command(s):/usr/bin/make cmTC_ec29a/fast && /usr/bin/make -f CMakeFiles/cmTC_ec29a.dir/build.make CMakeFiles/cmTC_ec29a.dir/build
make[1]: Entering directory '/mnt/c/Users/joshp_ya/VSCodeProjects/Personal/fast_stats/build/CMakeFiles/CMakeTmp'
Building CXX object CMakeFiles/cmTC_ec29a.dir/src.cxx.o
/usr/bin/c++    -Wall  -Wextra  -Wshadow  -Wfloat-equal  -Wold-style-cast  -Werror  -Wsuggest-override  -pedantic  -pedantic-errors  -fstrict-aliasing  -Wno-deprecated-declarations  -Wno-deprecated  -Wstrict-aliasing -DCMAKE_HAVE_LIBC_PTHREAD   -std=c++11 -o CMakeFiles/cmTC_ec29a.dir/src.cxx.o -c /mnt/c/Users/joshp_ya/VSCodeProjects/Personal/fast_stats/build/CMakeFiles/CMakeTmp/src.cxx
Linking CXX executable cmTC_ec29a
/usr/bin/cmake -E cmake_link_script CMakeFiles/cmTC_ec29a.dir/link.txt --verbose=1
/usr/bin/c++    -Wall  -Wextra  -Wshadow  -Wfloat-equal  -Wold-style-cast  -Werror  -Wsuggest-override  -pedantic  -pedantic-errors  -fstrict-aliasing  -Wno-deprecated-declarations  -Wno-deprecated  -Wstrict-aliasing -DCMAKE_HAVE_LIBC_PTHREAD    CMakeFiles/cmTC_ec29a.dir/src.cxx.o  -o cmTC_ec29a 
/usr/bin/ld: CMakeFiles/cmTC_ec29a.dir/src.cxx.o: in function `main':
src.cxx:(.text+0x46): undefined reference to `pthread_create'
/usr/bin/ld: src.cxx:(.text+0x52): undefined reference to `pthread_detach'
/usr/bin/ld: src.cxx:(.text+0x63): undefined reference to `pthread_join'
collect2: error: ld returned 1 exit status
make[1]: *** [CMakeFiles/cmTC_ec29a.dir/build.make:87: cmTC_ec29a] Error 1
make[1]: Leaving directory '/mnt/c/Users/joshp_ya/VSCodeProjects/Personal/fast_stats/build/CMakeFiles/CMakeTmp'
make: *** [Makefile:121: cmTC_ec29a/fast] Error 2


Source file was:
#include <pthread.h>

void* test_func(void* data)
{
  return data;
}

int main(void)
{
  pthread_t thread;
  pthread_create(&thread, NULL, test_func, NULL);
  pthread_detach(thread);
  pthread_join(thread, NULL);
  pthread_atfork(NULL, NULL, NULL);
  pthread_exit(NULL);

  return 0;
}

